\BOOKMARK [1][-]{section.1}{\376\377\000A\000n\000a\000l\000y\000s\000i\000s}{}% 1
\BOOKMARK [2][-]{subsection.1.1}{\376\377\000S\000t\000a\000t\000e\000m\000e\000n\000t\000\040\000o\000f\000\040\000P\000r\000o\000b\000l\000e\000m}{section.1}% 2
\BOOKMARK [2][-]{subsection.1.2}{\376\377\000B\000a\000c\000k\000g\000r\000o\000u\000n\000d}{section.1}% 3
\BOOKMARK [2][-]{subsection.1.3}{\376\377\000E\000n\000d\000\040\000U\000s\000e\000r}{section.1}% 4
\BOOKMARK [2][-]{subsection.1.4}{\376\377\000I\000n\000i\000t\000i\000a\000l\000\040\000R\000e\000s\000e\000a\000r\000c\000h}{section.1}% 5
\BOOKMARK [3][-]{subsubsection.1.4.1}{\376\377\000E\000x\000i\000s\000t\000i\000n\000g\000\040\000P\000r\000o\000g\000r\000a\000m\000s}{subsection.1.4}% 6
\BOOKMARK [3][-]{subsubsection.1.4.2}{\376\377\000P\000o\000t\000e\000n\000t\000i\000a\000l\000\040\000A\000l\000g\000o\000r\000i\000t\000h\000m\000s}{subsection.1.4}% 7
\BOOKMARK [3][-]{subsubsection.1.4.3}{\376\377\000F\000i\000r\000s\000t\000\040\000I\000n\000t\000e\000r\000v\000i\000e\000w}{subsection.1.4}% 8
\BOOKMARK [3][-]{subsubsection.1.4.4}{\376\377\000K\000e\000y\000\040\000R\000e\000q\000u\000i\000r\000e\000m\000e\000n\000t\000s}{subsection.1.4}% 9
\BOOKMARK [2][-]{subsection.1.5}{\376\377\000F\000u\000r\000t\000h\000e\000r\000\040\000R\000e\000s\000e\000a\000r\000c\000h}{section.1}% 10
\BOOKMARK [3][-]{subsubsection.1.5.1}{\376\377\000P\000r\000o\000t\000o\000t\000y\000p\000e}{subsection.1.5}% 11
\BOOKMARK [3][-]{subsubsection.1.5.2}{\376\377\000S\000e\000c\000o\000n\000d\000\040\000I\000n\000t\000e\000r\000v\000i\000e\000w}{subsection.1.5}% 12
\BOOKMARK [2][-]{subsection.1.6}{\376\377\000O\000b\000j\000e\000c\000t\000i\000v\000e\000s}{section.1}% 13
\BOOKMARK [3][-]{subsubsection.1.6.1}{\376\377\000C\000o\000r\000e\000\040\000O\000b\000j\000e\000c\000t\000i\000v\000e\000s}{subsection.1.6}% 14
\BOOKMARK [3][-]{subsubsection.1.6.2}{\376\377\000E\000x\000t\000e\000n\000s\000i\000o\000n\000\040\000O\000b\000j\000e\000c\000t\000i\000v\000e\000s}{subsection.1.6}% 15
\BOOKMARK [2][-]{subsection.1.7}{\376\377\000M\000o\000d\000e\000l\000l\000i\000n\000g}{section.1}% 16
\BOOKMARK [3][-]{subsubsection.1.7.1}{\376\377\000C\000l\000a\000s\000s\000\040\000D\000i\000a\000g\000r\000a\000m\000s}{subsection.1.7}% 17
\BOOKMARK [3][-]{subsubsection.1.7.2}{\376\377\000F\000l\000o\000w\000c\000h\000a\000r\000t\000s}{subsection.1.7}% 18
\BOOKMARK [3][-]{subsubsection.1.7.3}{\376\377\000E\000n\000t\000i\000t\000y\000-\000R\000e\000l\000a\000t\000i\000o\000n\000s\000h\000i\000p\000\040\000D\000i\000a\000g\000r\000a\000m}{subsection.1.7}% 19
\BOOKMARK [3][-]{subsubsection.1.7.4}{\376\377\000N\000e\000u\000r\000a\000l\000\040\000N\000e\000t\000w\000o\000r\000k}{subsection.1.7}% 20
\BOOKMARK [3][-]{subsubsection.1.7.5}{\376\377\000C\000l\000i\000e\000n\000t\000-\000S\000e\000r\000v\000e\000r\000\040\000C\000o\000n\000n\000e\000c\000t\000i\000o\000n}{subsection.1.7}% 21
\BOOKMARK [3][-]{subsubsection.1.7.6}{\376\377\000P\000l\000a\000y\000e\000r\000\040\000R\000a\000n\000k\000i\000n\000g}{subsection.1.7}% 22
\BOOKMARK [1][-]{section.2}{\376\377\000D\000e\000s\000i\000g\000n}{}% 23
\BOOKMARK [2][-]{subsection.2.1}{\376\377\000H\000i\000g\000h\000-\000l\000e\000v\000e\000l\000\040\000O\000v\000e\000r\000v\000i\000e\000w}{section.2}% 24
\BOOKMARK [2][-]{subsection.2.2}{\376\377\000C\000h\000o\000i\000c\000e\000\040\000o\000f\000\040\000L\000a\000n\000g\000u\000a\000g\000e\000\040\000a\000n\000d\000\040\000L\000i\000b\000r\000a\000r\000i\000e\000s}{section.2}% 25
\BOOKMARK [2][-]{subsection.2.3}{\376\377\000N\000e\000u\000r\000a\000l\000\040\000N\000e\000t\000w\000o\000r\000k}{section.2}% 26
\BOOKMARK [3][-]{subsubsection.2.3.1}{\376\377\000F\000o\000r\000w\000a\000r\000d\000\040\000P\000r\000o\000p\000a\000g\000a\000t\000i\000o\000n}{subsection.2.3}% 27
\BOOKMARK [3][-]{subsubsection.2.3.2}{\376\377\000B\000a\000c\000k\000p\000r\000o\000p\000a\000g\000a\000t\000i\000o\000n}{subsection.2.3}% 28
\BOOKMARK [3][-]{subsubsection.2.3.3}{\376\377\000I\000m\000a\000g\000e\000\040\000P\000r\000e\000p\000r\000o\000c\000e\000s\000s\000i\000n\000g}{subsection.2.3}% 29
\BOOKMARK [3][-]{subsubsection.2.3.4}{\376\377\000T\000r\000a\000i\000n\000i\000n\000g}{subsection.2.3}% 30
\BOOKMARK [3][-]{subsubsection.2.3.5}{\376\377\000D\000a\000t\000a\000\040\000S\000t\000r\000u\000c\000t\000u\000r\000e\000s}{subsection.2.3}% 31
\BOOKMARK [3][-]{subsubsection.2.3.6}{\376\377\000F\000i\000l\000e\000\040\000O\000r\000g\000a\000n\000i\000s\000a\000t\000i\000o\000n}{subsection.2.3}% 32
\BOOKMARK [3][-]{subsubsection.2.3.7}{\376\377\000U\000M\000L\000\040\000D\000i\000a\000g\000r\000a\000m\000s}{subsection.2.3}% 33
\BOOKMARK [2][-]{subsection.2.4}{\376\377\000G\000a\000m\000e\000s}{section.2}% 34
\BOOKMARK [3][-]{subsubsection.2.4.1}{\376\377\000Q\000u\000e\000u\000e\000i\000n\000g}{subsection.2.4}% 35
\BOOKMARK [3][-]{subsubsection.2.4.2}{\376\377\000G\000a\000m\000e\000\040\000L\000o\000g\000i\000c}{subsection.2.4}% 36
\BOOKMARK [3][-]{subsubsection.2.4.3}{\376\377\000D\000a\000t\000a\000\040\000s\000t\000r\000u\000c\000t\000u\000r\000e\000s}{subsection.2.4}% 37
\BOOKMARK [3][-]{subsubsection.2.4.4}{\376\377\000O\000b\000j\000e\000c\000t\000-\000O\000r\000i\000e\000n\000t\000e\000d\000\040\000D\000e\000s\000i\000g\000n}{subsection.2.4}% 38
\BOOKMARK [2][-]{subsection.2.5}{\376\377\000D\000a\000t\000a\000b\000a\000s\000e}{section.2}% 39
\BOOKMARK [3][-]{subsubsection.2.5.1}{\376\377\000D\000a\000t\000a\000b\000a\000s\000e\000\040\000D\000e\000s\000i\000g\000n}{subsection.2.5}% 40
\BOOKMARK [3][-]{subsubsection.2.5.2}{\376\377\000U\000M\000L\000\040\000D\000i\000a\000g\000r\000a\000m}{subsection.2.5}% 41
\BOOKMARK [3][-]{subsubsection.2.5.3}{\376\377\000S\000Q\000L\000\040\000Q\000u\000e\000r\000i\000e\000s}{subsection.2.5}% 42
\BOOKMARK [3][-]{subsubsection.2.5.4}{\376\377\000S\000e\000c\000u\000r\000i\000t\000y\000\040\000o\000f\000\040\000D\000a\000t\000a}{subsection.2.5}% 43
\BOOKMARK [2][-]{subsection.2.6}{\376\377\000C\000l\000i\000e\000n\000t\000-\000S\000e\000r\000v\000e\000r\000\040\000C\000o\000n\000n\000e\000c\000t\000i\000o\000n}{section.2}% 44
\BOOKMARK [3][-]{subsubsection.2.6.1}{\376\377\000S\000e\000r\000v\000e\000r\000\040\000C\000o\000n\000f\000i\000g\000u\000r\000a\000t\000i\000o\000n}{subsection.2.6}% 45
\BOOKMARK [3][-]{subsubsection.2.6.2}{\376\377\000U\000M\000L\000\040\000D\000i\000a\000g\000r\000a\000m\000s}{subsection.2.6}% 46
\BOOKMARK [2][-]{subsection.2.7}{\376\377\000O\000b\000j\000e\000c\000t\000-\000O\000r\000i\000e\000n\000t\000e\000d\000\040\000D\000e\000s\000i\000g\000n}{section.2}% 47
\BOOKMARK [3][-]{subsubsection.2.7.1}{\376\377\000C\000l\000a\000s\000s\000\040\000D\000i\000a\000g\000r\000a\000m}{subsection.2.7}% 48
\BOOKMARK [2][-]{subsection.2.8}{\376\377\000C\000l\000i\000e\000n\000t\000\040\000M\000e\000n\000u\000s}{section.2}% 49
\BOOKMARK [3][-]{subsubsection.2.8.1}{\376\377\000A\000c\000c\000o\000u\000n\000t\000s}{subsection.2.8}% 50
\BOOKMARK [3][-]{subsubsection.2.8.2}{\376\377\000U\000s\000e\000r\000\040\000I\000n\000f\000o\000r\000m\000a\000t\000i\000o\000n}{subsection.2.8}% 51
\BOOKMARK [3][-]{subsubsection.2.8.3}{\376\377\000P\000r\000o\000f\000i\000l\000e\000s}{subsection.2.8}% 52
\BOOKMARK [3][-]{subsubsection.2.8.4}{\376\377\000U\000M\000L\000\040\000D\000i\000a\000g\000r\000a\000m\000s}{subsection.2.8}% 53
\BOOKMARK [2][-]{subsection.2.9}{\376\377\000G\000a\000m\000e\000s}{section.2}% 54
\BOOKMARK [3][-]{subsubsection.2.9.1}{\376\377\000Q\000u\000e\000u\000e\000i\000n\000g}{subsection.2.9}% 55
\BOOKMARK [3][-]{subsubsection.2.9.2}{\376\377\000G\000a\000m\000e\000\040\000L\000o\000g\000i\000c}{subsection.2.9}% 56
\BOOKMARK [3][-]{subsubsection.2.9.3}{\376\377\000U\000M\000L\000\040\000D\000i\000a\000g\000r\000a\000m\000s}{subsection.2.9}% 57
\BOOKMARK [2][-]{subsection.2.10}{\376\377\000U\000I\000\040\000D\000e\000s\000i\000g\000n}{section.2}% 58
\BOOKMARK [3][-]{subsubsection.2.10.1}{\376\377\000A\000c\000c\000o\000u\000n\000t\000s\000\040\000P\000a\000g\000e}{subsection.2.10}% 59
\BOOKMARK [3][-]{subsubsection.2.10.2}{\376\377\000H\000o\000m\000e\000\040\000P\000a\000g\000e}{subsection.2.10}% 60
\BOOKMARK [3][-]{subsubsection.2.10.3}{\376\377\000P\000r\000o\000f\000i\000l\000e}{subsection.2.10}% 61
\BOOKMARK [3][-]{subsubsection.2.10.4}{\376\377\000G\000a\000m\000e\000s}{subsection.2.10}% 62
\BOOKMARK [2][-]{subsection.2.11}{\376\377\000O\000b\000j\000e\000c\000t\000-\000O\000r\000i\000e\000n\000t\000e\000d\000\040\000D\000e\000s\000i\000g\000n}{section.2}% 63
\BOOKMARK [3][-]{subsubsection.2.11.1}{\376\377\000C\000l\000a\000s\000s\000\040\000D\000i\000a\000g\000r\000a\000m\000s}{subsection.2.11}% 64
\BOOKMARK [2][-]{subsection.2.12}{\376\377\000C\000l\000i\000e\000n\000t\000-\000S\000e\000r\000v\000e\000r\000\040\000C\000o\000n\000n\000e\000c\000t\000i\000o\000n}{section.2}% 65
\BOOKMARK [3][-]{subsubsection.2.12.1}{\376\377\000C\000r\000e\000a\000t\000i\000n\000g\000\040\000a\000\040\000C\000o\000n\000n\000e\000c\000t\000i\000o\000n}{subsection.2.12}% 66
\BOOKMARK [3][-]{subsubsection.2.12.2}{\376\377\000C\000o\000n\000n\000e\000c\000t\000i\000o\000n\000\040\000H\000a\000n\000d\000l\000e\000r\000s}{subsection.2.12}% 67
\BOOKMARK [3][-]{subsubsection.2.12.3}{\376\377\000S\000t\000a\000r\000t\000i\000n\000g\000\040\000a\000\040\000C\000o\000n\000n\000e\000c\000t\000i\000o\000n}{subsection.2.12}% 68
\BOOKMARK [3][-]{subsubsection.2.12.4}{\376\377\000H\000a\000n\000d\000l\000i\000n\000g\000\040\000C\000o\000n\000n\000e\000c\000t\000i\000o\000n\000\040\000L\000o\000s\000s}{subsection.2.12}% 69
\BOOKMARK [1][-]{section.3}{\376\377\000T\000e\000s\000t\000i\000n\000g}{}% 70
\BOOKMARK [2][-]{subsection.3.1}{\376\377\000T\000e\000s\000t\000i\000n\000g}{section.3}% 71
\BOOKMARK [3][-]{subsubsection.3.1.1}{\376\377\000A\000c\000c\000o\000u\000n\000t\000s}{subsection.3.1}% 72
\BOOKMARK [3][-]{subsubsection.3.1.2}{\376\377\000G\000a\000m\000e\000s}{subsection.3.1}% 73
\BOOKMARK [3][-]{subsubsection.3.1.3}{\376\377\000N\000e\000u\000r\000a\000l\000\040\000N\000e\000t\000w\000o\000r\000k}{subsection.3.1}% 74
\BOOKMARK [3][-]{subsubsection.3.1.4}{\376\377\000S\000o\000c\000i\000a\000l}{subsection.3.1}% 75
\BOOKMARK [3][-]{subsubsection.3.1.5}{\376\377\000C\000l\000i\000e\000n\000t\000-\000S\000e\000r\000v\000e\000r\000\040\000C\000o\000n\000n\000e\000c\000t\000i\000o\000n}{subsection.3.1}% 76
\BOOKMARK [2][-]{subsection.3.2}{\376\377\000A\000n\000a\000l\000y\000s\000i\000s\000\040\000o\000f\000\040\000T\000e\000s\000t\000i\000n\000g}{section.3}% 77
\BOOKMARK [1][-]{section.4}{\376\377\000E\000v\000a\000l\000u\000a\000t\000i\000o\000n}{}% 78
\BOOKMARK [2][-]{subsection.4.1}{\376\377\000O\000v\000e\000r\000a\000l\000l\000\040\000E\000f\000f\000e\000c\000t\000i\000v\000e\000n\000e\000s\000s\000\040\000o\000f\000\040\000t\000h\000e\000\040\000S\000y\000s\000t\000e\000m}{section.4}% 79
\BOOKMARK [2][-]{subsection.4.2}{\376\377\000E\000v\000a\000l\000u\000a\000t\000i\000o\000n\000\040\000o\000f\000\040\000O\000b\000j\000e\000c\000t\000i\000v\000e\000s}{section.4}% 80
\BOOKMARK [3][-]{subsubsection.4.2.1}{\376\377\000C\000o\000r\000e\000\040\000O\000b\000j\000e\000c\000t\000i\000v\000e\000s}{subsection.4.2}% 81
\BOOKMARK [3][-]{subsubsection.4.2.2}{\376\377\000E\000x\000t\000e\000n\000s\000i\000o\000n\000\040\000O\000b\000j\000e\000c\000t\000i\000v\000e\000s}{subsection.4.2}% 82
\BOOKMARK [2][-]{subsection.4.3}{\376\377\000E\000n\000d\000\040\000U\000s\000e\000r\000\040\000F\000e\000e\000d\000b\000a\000c\000k}{section.4}% 83
\BOOKMARK [3][-]{subsubsection.4.3.1}{\376\377\000F\000e\000e\000d\000b\000a\000c\000k}{subsection.4.3}% 84
\BOOKMARK [3][-]{subsubsection.4.3.2}{\376\377\000A\000n\000a\000l\000y\000s\000i\000s}{subsection.4.3}% 85
\BOOKMARK [2][-]{subsection.4.4}{\376\377\000S\000y\000s\000t\000e\000m\000\040\000I\000m\000p\000r\000o\000v\000e\000m\000e\000n\000t\000s}{section.4}% 86
\BOOKMARK [3][-]{subsubsection.4.4.1}{\376\377\000C\000l\000i\000e\000n\000t\000-\000S\000e\000r\000v\000e\000r\000\040\000C\000o\000n\000n\000e\000c\000t\000i\000o\000n}{subsection.4.4}% 87
\BOOKMARK [3][-]{subsubsection.4.4.2}{\376\377\000U\000s\000e\000r\000\040\000I\000n\000t\000e\000r\000f\000a\000c\000e}{subsection.4.4}% 88
\BOOKMARK [3][-]{subsubsection.4.4.3}{\376\377\000D\000a\000t\000a\000b\000a\000s\000e\000\040\000D\000e\000s\000i\000g\000n}{subsection.4.4}% 89
\BOOKMARK [3][-]{subsubsection.4.4.4}{\376\377\000S\000p\000a\000c\000e\000d\000\040\000R\000e\000p\000e\000t\000i\000t\000i\000o\000n}{subsection.4.4}% 90
\BOOKMARK [1][-]{section.5}{\376\377\000T\000e\000c\000h\000n\000i\000c\000a\000l\000\040\000S\000o\000l\000u\000t\000i\000o\000n}{}% 91
\BOOKMARK [2][-]{subsection.5.1}{\376\377\000C\000o\000n\000t\000e\000n\000t\000s}{section.5}% 92
\BOOKMARK [2][-]{subsection.5.2}{\376\377\000C\000o\000d\000e}{section.5}% 93
\BOOKMARK [3][-]{subsubsection.5.2.1}{\376\377\000S\000e\000r\000v\000e\000r}{subsection.5.2}% 94
\BOOKMARK [3][-]{subsubsection.5.2.2}{\376\377\000C\000l\000i\000e\000n\000t}{subsection.5.2}% 95
\BOOKMARK [2][-]{subsection.5.3}{\376\377\000R\000e\000f\000e\000r\000e\000n\000c\000e\000s}{section.5}% 96
